[12:03:02.553] [INFO] [36mInitializing Storybook[39m
[12:03:02.630] [DEBUG] Getting package.json info for /Users/Dani/Documents/Khor/Khor DS GitHub/Khordesignsystem/package.json...
[12:03:02.630] [DEBUG] Getting CLI versions from NPM for storybook...
[12:03:02.630] [DEBUG] Executing command: npm info storybook version
[12:03:03.192] [INFO] Adding Storybook version 10.3.4 to your project
[12:03:03.193] [INFO] Installing Storybook for user specified project type: react
[12:03:03.194] [INFO] Framework detected: react-vite
[12:03:03.194] [DEBUG] Getting installed version for vitest...
[12:03:03.194] [DEBUG] Executing command: npm ls --json --depth=99 2>/dev/null
[12:03:03.488] [DEBUG] Executing command: npm ls --json --depth=0 2>/dev/null
[12:03:03.674] [DEBUG] Error finding installations for vitest: ExecaError: Command failed with exit code 1: npm ls --json '--depth=0' '2>/dev/null'

{
  "version": "4.0.2",
  "name": "@figma/my-make-file"
}
[12:03:03.674] [DEBUG] No installations found for vitest
[12:03:03.674] [DEBUG] Getting installed version for msw...
[12:03:03.674] [DEBUG] Executing command: npm ls --json --depth=99 2>/dev/null
[12:03:03.987] [DEBUG] Executing command: npm ls --json --depth=0 2>/dev/null
[12:03:04.180] [DEBUG] Error finding installations for msw: ExecaError: Command failed with exit code 1: npm ls --json '--depth=0' '2>/dev/null'

{
  "version": "4.0.2",
  "name": "@figma/my-make-file"
}
[12:03:04.180] [DEBUG] No installations found for msw
[12:03:04.183] [INFO] base-generator-task-start: Generating Storybook configuration
[12:03:04.183] [DEBUG] Using cached package.json for /Users/Dani/Documents/Khor/Khor DS GitHub/Khordesignsystem/package.json...
[12:03:04.183] [DEBUG] Using cached package.json for /Users/Dani/Documents/Khor/Khor DS GitHub/Khordesignsystem/package.json...
[12:03:04.183] [DEBUG] Using cached package.json for /Users/Dani/Documents/Khor/Khor DS GitHub/Khordesignsystem/package.json...
[12:03:04.183] [INFO] base-generator-task: - Configuring ESLint plugin
[12:03:04.183] [DEBUG] Detected flat config at /Users/Dani/Documents/Khor/Khor DS GitHub/Khordesignsystem/eslint.config.js
[12:03:04.196] [DEBUG] Using cached version for storybook...
[12:03:04.196] [DEBUG] Getting CLI versions from NPM for @storybook/react-vite...
[12:03:04.196] [DEBUG] Executing command: npm info @storybook/react-vite version
[12:03:04.197] [DEBUG] Getting CLI versions from NPM for @chromatic-com/storybook...
[12:03:04.197] [DEBUG] Executing command: npm info @chromatic-com/storybook version
[12:03:04.198] [DEBUG] Getting CLI versions from NPM for @storybook/addon-vitest...
[12:03:04.198] [DEBUG] Executing command: npm info @storybook/addon-vitest version
[12:03:04.199] [DEBUG] Getting CLI versions from NPM for @storybook/addon-a11y...
[12:03:04.199] [DEBUG] Executing command: npm info @storybook/addon-a11y version
[12:03:04.200] [DEBUG] Getting CLI versions from NPM for @storybook/addon-docs...
[12:03:04.200] [DEBUG] Executing command: npm info @storybook/addon-docs version
[12:03:04.201] [DEBUG] Getting CLI versions from NPM for @storybook/addon-onboarding...
[12:03:04.201] [DEBUG] Executing command: npm info @storybook/addon-onboarding version
[12:03:04.203] [DEBUG] Getting CLI versions from NPM for eslint-plugin-storybook...
[12:03:04.203] [DEBUG] Executing command: npm info eslint-plugin-storybook version
[12:03:05.687] [INFO] base-generator-task: - Configuring main.ts
[12:03:05.687] [INFO] base-generator-task: - Configuring preview.ts
[12:03:05.688] [INFO] base-generator-task: - Adding Storybook command to
package.json
[12:03:05.688] [DEBUG] Getting package.json info for /Users/Dani/Documents/Khor/Khor DS GitHub/Khordesignsystem/package.json...
[12:03:05.688] [DEBUG] Using cached package.json for /Users/Dani/Documents/Khor/Khor DS GitHub/Khordesignsystem/package.json...
[12:03:05.688] [DEBUG] Using cached package.json for /Users/Dani/Documents/Khor/Khor DS GitHub/Khordesignsystem/package.json...
[12:03:05.688] [INFO] base-generator-task: - Copying framework templates
[12:03:05.699] [DEBUG] Executing command: npm config get registry -ws=false -iwr
[12:03:06.204] [INFO] base-generator-task-success: Storybook configuration generated
[12:03:06.204] [DEBUG] Using cached package.json for /Users/Dani/Documents/Khor/Khor DS GitHub/Khordesignsystem/package.json...
[12:03:06.204] [DEBUG] Using cached installed version for vitest...
[12:03:06.204] [DEBUG] Getting installed version for @vitest/coverage-v8...
[12:03:06.204] [DEBUG] Executing command: npm ls --json --depth=99 2>/dev/null
[12:03:06.504] [DEBUG] Executing command: npm ls --json --depth=0 2>/dev/null
[12:03:06.691] [DEBUG] Error finding installations for @vitest/coverage-v8: ExecaError: Command failed with exit code 1: npm ls --json '--depth=0' '2>/dev/null'

{
  "version": "4.0.2",
  "name": "@figma/my-make-file"
}
[12:03:06.691] [DEBUG] No installations found for @vitest/coverage-v8
[12:03:06.691] [DEBUG] Getting installed version for @vitest/coverage-istanbul...
[12:03:06.691] [DEBUG] Executing command: npm ls --json --depth=99 2>/dev/null
[12:03:06.981] [DEBUG] Executing command: npm ls --json --depth=0 2>/dev/null
[12:03:07.169] [DEBUG] Error finding installations for @vitest/coverage-istanbul: ExecaError: Command failed with exit code 1: npm ls --json '--depth=0' '2>/dev/null'

{
  "version": "4.0.2",
  "name": "@figma/my-make-file"
}
[12:03:07.169] [DEBUG] No installations found for @vitest/coverage-istanbul
[12:03:07.169] [INFO] adding-dependencies-task-start: Adding dependencies to package.json
[12:03:07.169] [INFO] adding-dependencies-task: Adding devDependencies:
- storybook@^10.3.4
- @storybook/react-vite@^10.3.4
- @chromatic-com/storybook@^5.1.1
- @storybook/addon-vitest@^10.3.4
- @storybook/addon-a11y@^10.3.4
- @storybook/addon-docs@^10.3.4
- @storybook/addon-onboarding@^10.3.4
- eslint-plugin-storybook@^10.3.4
- @vitest/coverage-v8@^4.0.18
[12:03:07.169] [DEBUG] Using cached package.json for /Users/Dani/Documents/Khor/Khor DS GitHub/Khordesignsystem/package.json...
[12:03:07.169] [DEBUG] Using cached version for storybook...
[12:03:07.169] [DEBUG] Using cached version for @storybook/react-vite...
[12:03:07.169] [DEBUG] Using cached version for @chromatic-com/storybook...
[12:03:07.169] [DEBUG] Using cached version for @storybook/addon-vitest...
[12:03:07.169] [DEBUG] Using cached version for @storybook/addon-a11y...
[12:03:07.169] [DEBUG] Using cached version for @storybook/addon-docs...
[12:03:07.169] [DEBUG] Using cached version for @storybook/addon-onboarding...
[12:03:07.169] [DEBUG] Using cached version for eslint-plugin-storybook...
[12:03:07.169] [DEBUG] Getting CLI versions from NPM for @vitest/coverage-v8...
[12:03:07.169] [DEBUG] Executing command: npm info @vitest/coverage-v8 version
[12:03:07.636] [DEBUG] Using cached package.json for /Users/Dani/Documents/Khor/Khor DS GitHub/Khordesignsystem/package.json...
[12:03:07.637] [INFO] adding-dependencies-task-success: Dependencies added to package.json
[12:03:07.637] [INFO] Installing dependencies...
[12:03:07.637] [INFO] install-dependencies-spinner-start: Installing dependencies...
[12:03:07.639] [DEBUG] Executing command: npm install
[12:03:16.273] [ERROR] Installation of dependencies failed! {"error":"ExecaError: Command failed with exit code 1: npm install\n\nnpm error code ERESOLVE\nnpm error ERESOLVE could not resolve\nnpm error\nnpm error While resolving: @eslint/js@10.0.1\nnpm error Found: eslint@9.39.4\nnpm error node_modules/eslint\nnpm error   dev eslint@\"^9.39.4\" from the root project\nnpm error   peer eslint@\"^6.0.0 || ^7.0.0 || >=8.0.0\" from @eslint-community/eslint-utils@4.9.1\nnpm error   node_modules/@eslint-community/eslint-utils\nnpm error     @eslint-community/eslint-utils@\"^4.9.1\" from @typescript-eslint/utils@8.57.2\nnpm error     node_modules/@typescript-eslint/utils\nnpm error       @typescript-eslint/utils@\"8.57.2\" from @typescript-eslint/eslint-plugin@8.57.2\nnpm error       node_modules/@typescript-eslint/eslint-plugin\nnpm error         dev @typescript-eslint/eslint-plugin@\"^8.57.2\" from the root project\nnpm error         1 more (typescript-eslint)\nnpm error       3 more (@typescript-eslint/type-utils, typescript-eslint, eslint-plugin-storybook)\nnpm error     @eslint-community/eslint-utils@\"^4.8.0\" from eslint@9.39.4\nnpm error   10 more (@typescript-eslint/eslint-plugin, ...)\nnpm error\nnpm error Could not resolve dependency:\nnpm error peerOptional eslint@\"^10.0.0\" from @eslint/js@10.0.1\nnpm error node_modules/@eslint/js\nnpm error   dev @eslint/js@\"^10.0.1\" from the root project\nnpm error\nnpm error Conflicting peer dependency: eslint@10.1.0\nnpm error node_modules/eslint\nnpm error   peerOptional eslint@\"^10.0.0\" from @eslint/js@10.0.1\nnpm error   node_modules/@eslint/js\nnpm error     dev @eslint/js@\"^10.0.1\" from the root project\nnpm error\nnpm error Fix the upstream dependency conflict, or retry this command with --force or --legacy-peer-deps to accept an incorrect (and potentially broken) dependency resolution.\nnpm error\nnpm error\nnpm error For a full report see:\nnpm error /Users/Dani/.npm/_logs/2026-04-02T18_03_07_713Z-eresolve-report.txt\nnpm error A complete log of this run can be found in: /Users/Dani/.npm/_logs/2026-04-02T18_03_07_713Z-debug-0.log\n    at getFinalError (file:///Users/Dani/.npm/_npx/aed33698b3a43253/node_modules/storybook/dist/_node-chunks/chunk-3LP2BDDH.js:13112:10)\n    at makeError (file:///Users/Dani/.npm/_npx/aed33698b3a43253/node_modules/storybook/dist/_node-chunks/chunk-3LP2BDDH.js:14648:15)\n    at getAsyncResult (file:///Users/Dani/.npm/_npx/aed33698b3a43253/node_modules/storybook/dist/_node-chunks/chunk-3LP2BDDH.js:17294:158)\n    at handlePromise (file:///Users/Dani/.npm/_npx/aed33698b3a43253/node_modules/storybook/dist/_node-chunks/chunk-3LP2BDDH.js:17280:162)\n    at async Object.executeTaskWithSpinner (file:///Users/Dani/.npm/_npx/aed33698b3a43253/node_modules/storybook/dist/_node-chunks/chunk-CSY5TWXV.js:3683:11)\n    at async NPMProxy.installDependencies (file:///Users/Dani/.npm/_npx/aed33698b3a43253/node_modules/storybook/dist/_node-chunks/chunk-3LP2BDDH.js:11261:5)\n    at async DependencyInstallationCommand.execute (file:///Users/Dani/.npm/_npx/aed33698b3a43253/node_modules/create-storybook/dist/_node-chunks/chunk-N3IHY4TZ.js:2118:9)\n    at async doInitiate (file:///Users/Dani/.npm/_npx/aed33698b3a43253/node_modules/create-storybook/dist/_node-chunks/chunk-N3IHY4TZ.js:2894:38)\n    at async file:///Users/Dani/.npm/_npx/aed33698b3a43253/node_modules/create-storybook/dist/_node-chunks/chunk-N3IHY4TZ.js:2928:20\n    at async withTelemetry (file:///Users/Dani/.npm/_npx/aed33698b3a43253/node_modules/storybook/dist/_node-chunks/chunk-HUYNFPPD.js:225:12)"}
[12:03:16.273] [ERROR] install-dependencies-spinner-error: [31mInstallation of dependencies failed![39m
[12:03:16.274] [INFO] configure-addons-task-start: Configuring addons...
[12:03:16.274] [INFO] configure-addons-task: Configuring @chromatic-com/storybook...
[12:03:16.274] [INFO] configure-addons-task: @chromatic-com/storybook configured

[12:03:16.274] [INFO] configure-addons-task: Configuring @storybook/addon-vitest...
[12:03:16.275] [DEBUG] Getting package.json info for /Users/Dani/Documents/Khor/Khor DS GitHub/Khordesignsystem/package.json...
[12:03:16.275] [DEBUG] Using cached package.json for /Users/Dani/Documents/Khor/Khor DS GitHub/Khordesignsystem/package.json...
[12:03:16.275] [DEBUG] Using cached installed version for vitest...
[12:03:16.275] [DEBUG] Vitest version specifier: 4.0.18
[12:03:16.330] [DEBUG] Using cached installed version for vitest...
[12:03:16.330] [DEBUG] Using cached installed version for msw...
[12:03:16.337] [INFO] Updating your Vite config file:
[12:03:16.337] [INFO]   /Users/Dani/Documents/Khor/Khor DS GitHub/Khordesignsystem/vite.config.ts
[12:03:16.341] [INFO] Setting up a11y addon for @storybook/addon-vitest
[12:03:16.341] [INFO] Setting up a11y addon for @storybook/addon-vitest
[12:03:16.341] [DEBUG] Executing command: npx storybook@10.3.4 automigrate addon-a11y-addon-test --loglevel silent --yes --skip-doctor --package-manager npm --skip-install
[12:03:31.354] [INFO] a11y addon setup successfully
[12:03:31.354] [INFO] [32ma11y addon setup successfully[39m
[12:03:31.354] [INFO] [32m@storybook/addon-vitest setup completed successfully[39m
[12:03:31.355] [INFO] @storybook/addon-vitest is now configured and you're ready to run your tests!
Here are a couple of tips to get you started:

• You can run tests with "[36mnpx vitest --project=storybook[39m"
• Vitest IDE extension shows all stories as tests in your editor!

Check the documentation for more information about its features and options at:
https://storybook.js.org/docs/next/writing-tests/integrations/vitest-addon
[12:03:31.355] [INFO] configure-addons-task: @storybook/addon-vitest configured

[12:03:31.355] [INFO] configure-addons-task: Configuring @storybook/addon-a11y...
[12:03:31.355] [DEBUG] Executing command: npx storybook@10.3.4 automigrate addon-a11y-addon-test --loglevel silent --skip-doctor --yes --package-manager npm --config-dir .storybook
[12:03:35.924] [DEBUG] {
  "shortMessage": "Command failed with exit code 1: npx 'storybook@10.3.4' automigrate addon-a11y-addon-test --loglevel silent --skip-doctor --yes --package-manager npm --config-dir .storybook",
  "command": "npx storybook@10.3.4 automigrate addon-a11y-addon-test --loglevel silent --skip-doctor --yes --package-manager npm --config-dir .storybook",
  "escapedCommand": "npx 'storybook@10.3.4' automigrate addon-a11y-addon-test --loglevel silent --skip-doctor --yes --package-manager npm --config-dir .storybook",
  "cwd": "/Users/Dani/Documents/Khor/Khor DS GitHub/Khordesignsystem",
  "durationMs": 4568.945916,
  "failed": true,
  "timedOut": false,
  "isCanceled": false,
  "isGracefullyCanceled": false,
  "isTerminated": false,
  "isMaxBuffer": false,
  "isForcefullyTerminated": false,
  "exitCode": 1,
  "stdout": "",
  "stderr": "",
  "stdio": [
    null,
    "",
    ""
  ],
  "ipcOutput": [],
  "pipedFrom": []
}
[12:03:35.924] [INFO] configure-addons-task: Configuring @storybook/addon-docs...
[12:03:35.925] [INFO] configure-addons-task: @storybook/addon-docs configured

[12:03:35.925] [INFO] configure-addons-task: Configuring
@storybook/addon-onboarding...
[12:03:35.926] [INFO] configure-addons-task: @storybook/addon-onboarding configured

[12:03:35.926] [ERROR] configure-addons-task-error: Failed to configure addons
[12:03:35.926] [INFO] [2m✅ @chromatic-com/storybook[22m
[12:03:35.927] [INFO] [2m✅ @storybook/addon-vitest[22m
[12:03:35.927] [INFO] [2m❌ @storybook/addon-a11y[22m
[12:03:35.927] [INFO] [2m✅ @storybook/addon-docs[22m
[12:03:35.927] [INFO] [2m✅ @storybook/addon-onboarding[22m
[12:03:35.927] [INFO] Installing Playwright browser binaries (press "c" to abort)
[12:03:35.928] [INFO] playwright-installation-spinner-start: Installing Playwright browser binaries (press "c" to abort)
[12:03:35.928] [DEBUG] Executing command: npx playwright install chromium --with-deps
[12:03:36.843] [INFO] Playwright browser binaries installed successfully
[12:03:36.843] [INFO] playwright-installation-spinner-stop: Playwright browser binaries installed successfully
[12:03:37.492] [WARN] Storybook setup completed, but some non-blocking errors occurred. Please check the log file below for details.
[12:03:37.492] [INFO] To run Storybook manually, run [36mnpm run storybook[39m. CTRL+C to stop.
[12:03:37.493] [INFO] Want to learn more about Storybook? [36mhttps://storybook.js.org/[39m
Having trouble or want to chat? [36mhttps://discord.gg/storybook/[39m